// Jest Snapshot v1, https://goo.gl/fbAQLP

exports[`Display Matches snapshot 1`] = `
<div>
  <div
    className="header"
  >
    <a
      className="sc-AxjAm irMvbk"
      href="/"
      onClick={[Function]}
    >
      <h1
        className="sc-AxhCb kYEhcE appTitle"
      >
        Ice and Fire
      </h1>
    </a>
  </div>
</div>
`;
